LARM LINKER/LOCATER V2.40                                                               09/10/2023  07:56:03  PAGE 1


LARM LINKER/LOCATER V2.40, INVOKED BY:
C:\KEIL\ARM\BIN\LA.EXE PWM_LED.obj TO PWM_LED CASE CLASSES (DATA (0X40000000-0X40007FFF), CODE (0X0-0X7FFFF), CONST (0X0
>> -0X7FFFF))


CPU MODE: LITTLE ENDIAN


INPUT MODULES INCLUDED:
  PWM_LED.obj (PWM_LED)
         COMMENT TYPE 0: CARM V2.40a
  C:\KEIL\ARM\LIB\CAL.LIB (STARTUP)
         COMMENT TYPE 0: AA V2.40a
  C:\KEIL\ARM\LIB\CAL.LIB (FIQ)
         COMMENT TYPE 0: AA V2.40a
  C:\KEIL\ARM\LIB\CAL.LIB (IRQ)
         COMMENT TYPE 0: AA V2.40a
  C:\KEIL\ARM\LIB\CAL.LIB (DABT)
         COMMENT TYPE 0: AA V2.40a
  C:\KEIL\ARM\LIB\CAL.LIB (PABT)
         COMMENT TYPE 0: AA V2.40a
  C:\KEIL\ARM\LIB\CAL.LIB (SWI)
         COMMENT TYPE 0: AA V2.40a
  C:\KEIL\ARM\LIB\CAL.LIB (UNDEF)
         COMMENT TYPE 0: AA V2.40a


ACTIVE MEMORY CLASSES OF MODULE:  PWM_LED (PWM_LED)

BASE       START      END        USED       MEMORY CLASS
========================================================
00000000H  40000000H  40007FFFH  00000508H  DATA
00000000H  00000000H  0007FFFFH  00000270H  CODE
00000000H  00000000H  0007FFFFH  00000010H  CONST



MEMORY MAP OF MODULE:  PWM_LED (PWM_LED)

START      STOP       LENGTH    ALIGN  RELOC  MEMORY CLASS   SEGMENT NAME
=========================================================================
00000000H  000000B3H  000000B4H     4  AT..   CODE           STARTUPCODE
000000B4H  000000BBH  00000008H     4  UNIT   CONST          ?C_CLRSEG
000000BCH  000000C3H  00000008H     4  UNIT   CONST          ?C_INITSEG
000000C4H  0000013FH  0000007CH     4  UNIT   CODE           ?PR?initPWM?T?PWM_LED
00000140H  00000193H  00000054H     4  UNIT   CODE           ?PR?initClocks?T?PWM_LED
00000194H  00000267H  000000D4H     4  UNIT   CODE           ?PR?main?PWM_LED
00000268H  0000026BH  00000004H     4  UNIT   CODE           ?C?FIQ
0000026CH  0000026FH  00000004H     4  UNIT   CODE           ?C?IRQ
00000270H  00000273H  00000004H     4  UNIT   CODE           ?C?DABT
00000274H  00000277H  00000004H     4  UNIT   CODE           ?C?PABT
00000278H  0000027FH  00000008H     4  UNIT   CODE           ?C?UNDEF
00000280H  3FFFFFFFH  3FFFFD80H   ---  ---    **GAP**
40000000H  40000507H  00000508H     4  UNIT   DATA           STACK



PUBLIC SYMBOLS OF MODULE:  PWM_LED (PWM_LED)

      VALUE      CLASS    TYPE      PUBLIC SYMBOL NAME
      ================================================
      000000B4H  ---      ---       ?C?CLRTAB
      00000194H  ---      ---       ?C?INIT
      000000BCH  ---      ---       ?C?INITTAB
      00000270H  CODE     ---       DAbt_Handler?A
      00000268H  CODE     ---       FIQ_Handler?A
LARM LINKER/LOCATER V2.40                                                             09/10/2023  07:56:03  PAGE 2


      0000026CH  CODE     ---       IRQ_Handler?A
      00000274H  CODE     ---       PAbt_Handler?A
      00000278H  CODE     ---       SWI_Handler?A
      0000027CH  CODE     ---       Undef_Handler?A
      00000000H  CODE     ---       __startup
      0000009CH  CODE     ---       exit?A
      000000A0H  CODE     ---       exit?T
      00000140H  CODE     ---       initClocks?T
      000000C4H  CODE     ---       initPWM?T
      000001C8H  CODE     ---       main

Program Size: data=1288 const=16 code=624
LARM RUN COMPLETE.  0 WARNING(S),  0 ERROR(S)
